>ex1
MKTAYIAKQR-QISFVKSHFS------RQLEERLGLIEVQAPILSR---VGDGTQDNLSG
AEKAVQVKVKALPDAQFEVVHSLAKWKR
>ex2
MKTAYIAKQR-QISFVKSHFS------LGLIEVQAPILSRVGDGTQ---DNLSGAEKAVQ
VKVKALPDAQFEVVHSLAKWKR------
>ex3
MKTAYIAKQR-QVSFVKSHFSRQIEERLGLVEVQAPLLSRVGDGTQ---DNLSGAEKAIQ
VKVKSLPDAQFEVIHSLAKWKR------
>new1
mksayiakqr-qisfikshfsrqleerlglievsapilsrvgdgsqggsdnlsgaekavq
ikvkalpdaqfevvhslakwrr-----*
>new2
MKTAYVAKQR.QLSFVKSHFS------RQLEERLGLIEVQAPLLSR---IGDGTQDNLSG
AEKAVQVKVRALPDAQFEVVHSLAQWKR
