>ex1
MKTAYIAKQRQISFVKSHFS------RQLEERLGLIEVQAPILSRVGDGTQDNLSGAEKA
VQVKVKALPDAQFEVVHSLAKWKR
>ex2
MKTAYIAKQRQISFVKSHFS------LGLIEVQAPILSRVGDGTQDNLSGAEKAVQVKVK
ALPDAQFEVVHSLAKWKR------
>ex3
MKTAYIAKQRQVSFVKSHFSRQIEERLGLVEVQAPLLSRVGDGTQDNLSGAEKAIQVKVK
SLPDAQFEVIHSLAKWKR------
>new1
MKSAYIAKQRQISFIKSHFSRQLEERLGLIEVSAPILSRVGDGSQDNLSGAEKAVQIKVK
ALPDAQFEVVHSLAKWRR------
>new2
MKTAYVAKQRQLSFVKSHFS------RQLEERLGLIEVQAPLLSRIGDGTQDNLSGAEKA
VQVKVRALPDAQFEVVHSLAQWKR
