>dna1
AUGGCAAGCUUAGACCUUUGCAGGUACGCAUGGAACUAGGGCCUUUAGGC----AUUGAC
CUAGCUUAGGCAU-
>dna2
ATGGCAAGCTTAGACCTTTGCAGG------TGGAACTAGGGCCTTTAGGC----ATTGAC
CTAGCTTAGGCAT*
>dna3
ATGGCAAGCTTGGACCTTTGCAGGTACGCATGGAACTTGGGCCATTAGGC----TTTGAC
GTAGCTTAGGCAT-
>dna4
ATGGCTAGCTTAGACCATTGCAGCTACGCATGGAACTAGGGCCTTTAGGCGGTAATTGAC
CTAGCTAAGGCAT-
