>dna1
NTGNCANGCNTANACNTTNGCNGGNACNCANGGNACNAGNGCNTTNAGNCANTG----NC
CNAGNTTNGGNAT
>dna2
NTGNCANGCNTANACNTTNGCNGG------NGGNACNAGNGCNTTNAGNCANTG----NC
CNAGNTTNGGNAT
>dna3
NTGNCANGCNTGNACNTTNGCNGGNACNCANGGNACNTGNGCNATNAGNCTNTG----NC
GNAGNTTNGGNAT
>dna4
NTGNCTNGCNTANACNATNGCNGCNACNCANGGNACNAGNGCNTTNAGNCGNTANTTNAC
NTANCTNAGNCAN
