>dna1
ntgncangcntanacnttngcnggnacncanggnacnagngcnttnagncantg----nc
cnagnttnggnat
>dna2
ntgncangcntanacnttngcngg------nggnacnagngcnttnagncantg----nc
cnagnttnggnat
>dna3
ntgncangcntgnacnttngcnggnacncanggnacntgngcnatnagnctntg----nc
gnagnttnggnat
>dna4
ntgnctngcntanacnatngcngcnacncanggnacnagngcnttnagncgntanttnac
ntanctnagncan
