>dna1
NTGGCRAGCTYAGACKTTTGMAGGTSCGCAWGGAABTAGGDCCTTHAGGC----VTTGAC
CTAGCTTAGGCAT
>dna2
ATGGCAANCTTARACCTYTGCAKGT------GGMACTASGGCCWTTAGBC----ATTDAC
CTHGCTTVGGCAT
>dna3
ATGGCAAGCTTGGANCTTTRCAGGYACGCKTGGAMCTTGSGCCAWTAGGB----TTTGDC
GTAHCTTAVGCAT
>dna4
ATGGCTAGCTTAGACCATTGCNGCTARGCATYGAACKAGGGMCTTTSGGCGWTAATBGAC
CDAGCTHAGGCVT
