>dna1
ntggcragctyagacktttgmaggtscgcawggaabtaggdcctthaggc----vttgac
ctagcttaggcat
>dna2
atggcaancttaracctytgcakgt------ggmactasggccwttagbc----attdac
cthgcttvggcat
>dna3
atggcaagcttgganctttrcaggyacgcktggamcttgsgccawtaggb----tttgdc
gtahcttavgcat
>dna4
atggctagcttagaccattgcngctargcatygaackagggmctttsggcgwtaatbgac
cdagcthaggcvt
