>dna1
auggcaagcuuagaccuuugcagguacgcauggaacuagggccuuuaggc----auugac
cuagcuuaggcau
>dna2
atggcaagcttagacctttgcagg------tggaactagggcctttaggc----attgac
ctagcttaggcat
>dna3
atggcaagcttggacctttgcaggtacgcatggaacttgggccattaggc----tttgac
gtagcttaggcat
>dna4
atggctagcttagaccattgcagctacgcatggaactagggcctttaggcggtaattgac
ctagctaaggcat
