>dna1
ATGGCAAGCTTAGACCTTTGCAGGTACGCATGGAACTAGGGCCTTTAGGC----ATTGAC
CTAGCTTAGGCAT
>dna2
atggcaagcttagacctttgcagg------tggaactagggcctttaggc----attgac
ctagcttaggcat
>dna3
atggcaagcttggacctttgcaggtacgcaTGGAACTTGGGCCATTAGGC----TTTGAC
GTAGCTTAGGCAT
>dna4
ATGGCTAGCTTAGACCATTGCAGCTACGCATGGAACTAGGGCCTTTAGGCGGTAATTGAC
CTAGCTAAGGCAT
