>dna1
atggcaagcttagacctttgcaggtacgcatggaactagggcctttaggc----attgac
ctagcttaggcat
>dna2
atggcaagcttagacctttgcagg------tggaactagggcctttaggc----attgac
ctagcttaggcat
>dna3
atggcaagcttggacctttgcaggtacgcatggaacttgggccattaggc----tttgac
gtagcttaggcat
>dna4
atggctagcttagaccattgcagctacgcatggaactagggcctttaggcggtaattgac
ctagctaaggcat
