>dna1
1ATGGCAAGCTTAGACCTTTGCAGGTACGCATGGAACTAGGGCCTTTAGGC----51ATT
GAC--CTAGCTTAGGCAT
>dna2
1ATGGCAAGCTTAGACCTTTGCAGG------TGGAACTAGGGCCTTTAGGC------ATT
GAC51CTAGCTTAGGCAT
>dna3
1ATGGCAAGCTTGGACCTTTGCAGGTACGCATGGAACTTGGGCCATTAGGC----51TTT
GAC--GTAGCTTAGGCAT
>dna4
1ATGGCTAGCTTAGACCATTGCAGCTACGCATGGAACTAGGGCCTTTAGGC51GGTAATT
GAC--CTAGCTAAGGCAT
