>dna1
ntgncangcntanacnttngcnggnacncanggnacnagngcnttnagncantgnccnag
nttnggnat----
>dna2
ntgncangcntanacnttngcngg------nggnacnagngcnttnagncantgnccnag
nttnggnat----
>dna3
ntgncangcntgnacnttngcnggnacncanggnacntgngcnatnagnctntgncgnag
nttnggnat----
>dna4
ntgnctngcntanacnatngcngcnacncanggnacnagngcnttnagncgntanttnac
ntanctnagncan
