>dna1
ATGGCAAGCT---TAGACCTTTGCAGGTACGCATGGAACTAGGGCCTTTAGGC----ATT
GACCTAGCTTAGGCAT-
>dna2
ATGGCAAGCT---TAGACCTTTGCAGG------TGGAACTAGGGCCTTTAGGC----ATT
GACCTAGCTTAGGCAT-
>dna3
ATGGCAAGCT...TGGACCTTTGCAGGTACGCATGGAACTTGGGCCATTAGGC----TTT
GACGTAGCTTAGGCAT-
>dna4
ATGGCTAGCT---TAGACCATTGCAGCTACGCATGGAACTAGGGCCTTTAGGCGGTAATT
GACCTAGCTAAGGCAT.
