>prot1
MKTAYIAKQRQI@SFVKSHFSRQLEERLGLI-EVQAPILSRV-GDGTQ---DNLSGAEKA
VQVKVKALPDAQFEVVHSLAKWKR
>prot2
MKTAYIAKQRQI-SFVKSHFS----#~LGLI-EVQAPILSRV-GDGTQ---DNLSGAEKA
VQVKVKALPDAQFEVVHSLAKWKR
>prot3
MKTAYIAKQRQV-SFVKSHFSRQIEERLGLV!EVQAPLLSRV-GDGTQ---DNLSGAEKA
IQVKVKSLPDAQFEVIHSLAKWKR
>prot4
MKSAYIAKQRQI-SFIKSHFSRQLEERLGLI-EVSAPILSRV	GDGSQGGSDNLSGAEKA
VQIKVKALPDAQFEVVHSLAKWRR
