>prot1
mktayiakqrqisfvkshfsrqleerlglievqapilsrvgdgtq---dnlsgaekavqv
kvkalpdaqfevvhslakwkr
>prot2
MKTAYIAKQRQISFVKSHFS------LGLIEVQAPILSRVGDGTQ---DNLSGAEKAVQV
KVKALPDAQFEVVHSLAKWKR
>prot3
mktayiakqrqvsfvkshfsrqieerlglvEVQAPLLSRVGDGTQ---DNLSGAEKAIQV
KVKSLPDAQFEVIHSLAKWKR
>prot4
MKSAYIAKQRQISFIKSHFSRQLEERLGLIEVSAPILSRVGDGSQGGSDNLSGAEKAVQI
KVKALPDAQFEVVHSLAKWRR
