>prot1
-MKTAYIAKQR...QISFVKSHFSRQLEERLGLIEVQAPILSRVGDGTQ---DNLSGAEK
AVQVKVKALPDAQFEVVHSLAKWKR-
>prot2
-MKTAYIAKQR---QISFVKSHFS------LGLIEVQAPILSRVGDGTQ---DNLSGAEK
AVQVKVKALPDAQFEVVHSLAKWKR-
>prot3
-MKTAYIAKQR---QVSFVKSHFSRQIEERLGLVEVQAPLLSRVGDGTQ---DNLSGAEK
AIQVKVKSLPDAQFEVIHSLAKWKR.
>prot4
.MKSAYIAKQR---QISFIKSHFSRQLEERLGLIEVSAPILSRVGDGSQGGSDNLSGAEK
AVQIKVKALPDAQFEVVHSLAKWRR-
