>prot1
MKTAYIAKQRQISFVKSHFSRQLEERLGLIEVQAPI-LSRVGDGTQ---DNLSGAEKAVQ
VKVKALPDAQFEVVHSLAKWKR*-
>prot2
MKTAYIAKQRQISFVKSHFS------LGLIEVQAPI*LSRVGDGTQ---DNLSGAEKAVQ
VKVKALPDAQFEVVHSLAKWKR--
>prot3
MKTAYIAKQRQVSFVKSHFSRQIEERLGLVEVQAPL-LSRVGDGTQ---DNLSGAEKAIQ
VKVKSLPDAQFEVIHSLAKWKR**
>prot4
MKSAYIAKQRQISFIKSHFSRQLEERLGLIEVSAPI-LSRVGDGSQGGSDNLSGAEKAVQ
IKVKALPDAQFEVVHSLAKWRR--
