>prot1
MKTAYIAKQRQISFVKSHFSRQLEERLGLIEVQAPILSRVGDGTQ---DNLSGAEKAVQV
KVKALPDAQFEVVHSLAKWKR
>prot2
MKTAYIAKQRQISFVKSHFS------LGLIEVQAPILSRVGDGTQ---DNLSGAEKAVQV
KVKALPDAQFEVVHSLAKWKR
>prot3
MKTAYIAKQRQVSFVKSHFSRQIEERLGLVEVQAPLLSRVGDGTQ---DNLSGAEKAIQV
KVKSLPDAQFEVIHSLAKWKR
>prot4
MKSAYIAKQRQISFIKSHFSRQLEERLGLIEVSAPILSRVGDGSQGGSDNLSGAEKAVQI
KVKALPDAQFEVVHSLAKWRR
