>prot1
1MKTAYIAKQRQISFVKSHFSRQLEERLGLIEVQAPILSRVGDGTQ---DN--LSG51AE
KAVQ--VKVKALPDAQFEVVHSLAKWKR
>prot2
1MKTAYIAKQRQISFVKSHFS------LGLIEVQAPILSRVGDGTQ---DN--LSG--AE
KAVQ51VKVKALPDAQFEVVHSLAKWKR
>prot3
1MKTAYIAKQRQVSFVKSHFSRQIEERLGLVEVQAPLLSRVGDGTQ---DN--LSG51AE
KAIQ--VKVKSLPDAQFEVIHSLAKWKR
>prot4
1MKSAYIAKQRQISFIKSHFSRQLEERLGLIEVSAPILSRVGDGSQGGSDN51LSG--AE
KAVQ--IKVKALPDAQFEVVHSLAKWRR
