>prot1
MKTAYUAKQRQISFVKSHFSOQLEERLGLIEVQAPILSRVGDGTQ---DNLSGAEKAVQV
KVKALPDAQFEVVHSLAKWKR
>prot2
MKTAYIAKQRJISFVKSHFS------LGLIEVQAPILSRVGDGTQ---DNLSGAEKAVQV
KVKALPDAQFEVVHSLAKWKR
>prot3
MKTAYIAKQRQVSFVBSHFSRQIEERLGLVEVQAPLLSRVZDGTQ---DNLSGAEKAIQV
KVKSLPDAQFEVIHSLAKWKR
>prot4
MKSAYIAKXRQISFIKSHFSRQLEERLGLIXXSAPILSRVGDGSQGGSDNLSGAEKAVQI
KVKALPDAQFEVVHSLAKWRR
