>prot1
MKTAYIAKQRQISFVKSHFSRQLEERLGLIEVQAPILSRVGDGTQDNLSGAEKAVQVKVK
ALPDAQFEVVHSLAKWKR
>prot2
MKTAYIAKQRQISFVKSHFS------LGLIEVQAPILSRVGDGTQDNLSGAEKAVQVKVK
ALPDAQFEVVHSLAKWKR
>prot3
MKTAYIAKQRQVSFVKSHFSRQIEERLGLVEVQAPLLSRVGDGTQDNLSGAEKAIQVKVK
SLPDAQFEVIHSLAKWKR
>prot4
MKSAYIAKQRQISFIKSHFSRQLEERLGLIEVSAPILSRVGDGSQDNLSGAEKAVQIKVK
ALPDAQFEVVHSLAKWRR
