>s0
gtg-cctgtgca--gttcaggcatatg-gtaaatctctcagcag-gcgccgtacgtccaa
aggggctgccgcgatggacaaacgactggcgttggcagatgaagggctgctcgctaagca
ccacgccgccggtatgcatgtgatca-tccaggtcacttagct-gtattcgcacgccttc
gacctcgatg-ccttgcagcgcttccgtcacaatccgggc-ctgggactattgggacggc
gcatcgaaggaccggcactg-cggatcgcccgtcatcgctgggtgatagatcatgggccc
gcggataagcgatatcgaggagcgagcccgtccgc-gtgcagaattcagcgaatgggtcg
atgaacgctcacagctgcatatcgaccccgaatcgggccc-cggctgg-cata-cggtgt
ccttccgctccatgatggcacgacagcgatcagcctggtgctgtcgcacaatctaatcga
cggcc-cgggctagctttcgtcatcgtcgaagcggtcatggggagaacccgtgacctcgg
cgacccatta-ccgttgtctcgcaggcgactactcgcgctgggccaggttttccggtaaa
ctgcactgga-gtgccccaggc-cacccgcgcgctggtcgctg-cggtaaggctggggcg
-taaggaggcacgtgacaaaaacctccgcgggct-ggcaccggtcg-ggta-cgccccgc
a-ggcagcaccgctccatccgacgaagttgtgctggtgccggctatcacgcttgatgtcg
gcctgggtgcgtgggatgcccgggcgaaagctc-ttggtgg-cgccagtcatacgctcg-
ccgctgctttcgcagctggtttcggaga-gcgaatcggacgacggcgcgcccatgacggg
gcgactaccctg-caaattccgatcagcgatcgcccc-gagaacgacacccgcgcaatg-
gccctgtcttatg-ctcgagtcagcatcgatccggtatcg-ctcaccacagatctgcccg
aggttcgggccgccatcaagcagaccctcaagaccttgaaggaatcgccc-acgaatcca
aactactcctgtggct-accgacattggcgccggaacgcaccct-caagcggat-ggtcg
ccaggatgccagcggacccccatcagtcggtgttctgtt-cttatctagg-gatctgcat
tccatgatcggctggcccgcgggaaggcccgccgacttccagaacg-gacgtgccacagg
gcagcgcgaacggcggcag-cttcacgagcggaccggtggccgg-atgttca-tcctctc
cggccgtctcaacggcaacagcttc-atcagcgttggcgacgacccccccggcgcgac-c
aacaccaaggaa-gcgctacgcgagctggctc-aactcaccctggccagactgcagcttg
tccgggcgagatccattga
>s1
gtg-cctgggcgagtatccggcatatgcgtaaatctctcagcag-gctccgtacgtctaa
aggcgatgccgcgatggacaatcgactggcgttggc-gatgaagcgctgctcgctgagca
ccacgccgccggtatgaatgtgatca-tccaggtcacttggct-gtattcgcacgccatc
gacctcgatg--acttcagcgcttccgtcacattctggtc-cggggtctattgggacggc
gcattgaagcgccagcactgccgaaccgcccggcatcgctgggtgctagatcatgggccc
gcggtt-atagataacgaggagcgagcccgtccgc-gtgccggattcagcgaatgggtcg
atgaacgctcacagctgcatatcgtccccgaat-gggccc-cggctag-catatcggtgt
ccttccgctccaggatggcacgacagcgatctgcctggtgctgtcgcacaatctactcga
cggcctcgggctagctctcgtcatcggcgaagcgttcatggggagaacccgtgacctcgg
ctacccattacccgttgtctcccaggcgactacgcgcgcggggccagcatgtccggcaaa
ctggacgggacgtgccccaggctcacccgcgcgctggtcgctg-cggtaaggctggggcg
ctaagcaggcacgtgccaaaaacctccccgggct-ggcaccggtcgcggta-cgccccgc
atggcagcaccgctccatccgacgaagttgtgctggtgccgg-tatcaccctttatgtcg
gtctggatgcgtgggatgcccgggtggaagctc-ttggtggtcgccagtcatacgctcg-
ctgctgctttcgcagc-cgtttcggaga-gcgaatcggacgacggcgcgcccatgacggg
gcgattaccctg-caaatttccgtcagcgatcacacc-gaga-cgacacccgcgcaatg-
gccctgtcttatg-ctcgcgtcagcctcgaaccggtatcgcctcactacaggtctgcgcg
aggttcgggccgccatcaagcacaccctccataccttgaaggaatcgcccgacgaatcca
tactgctcctggggct-accgtcattcgcgccggaacgcaccct-caggcggat-ggtcg
cctgcatcccagcggaccccgatcagacggtgttctgtt-cttatctaggcgatctgcat
tccatgatcggctggctcgcgtgaacgctcgccgacttccagaacg-cacgtgccaccgg
gcagcgcgaacggcggcag-ctactcgagcggaccgctggccgg-atgttca-tcctctc
cggccgtctcaacggcaaagatcttcatcagcgttggcgcctaccatcccggcgcgtc-c
aaaaccaaggaa-gcgcaacgcgagctggctg-aactcaccctggcc-gacttcagcttg
acg-gccgagatccattga
>s2
gtg-cctgggca--gatccggcatatgcgtaaatctctcggcag-ccgccgtacgtccaa
aggcgctgccgcgatggacaatcgactggcgttggcagatgaagcgctgctcgctgaaca
ccacgccgcaggtatgaatgtgatcatccagggtctcgtggct-gaattcgcacgccatc
gacctcgatgcccttgcaacgcttccgtcccagtctgggc-cgggcactattgggacggc
gcatcgaagccccgttactg-cggatcgcccggcatcgctgggtgatagatcatgggccc
gcggat-atcgctatcgaggagcgagcccgtccgc-ctgcagaattcagcgaacgcgtcg
atgaacgctcagagctgcatatcgcccccaaatcgggccc-cggctgg-cataccggtgt
ccttcggctccaggaaggcacgactgcgatcagcctggtgctgtagcacaatctaatcga
cggcctcgggctagctctcgtcatcgtcgaagcggtcatggggagaacccgtgaccttgc
ctgcccatta-ccgttgtctcgcaggggaccacgcgcgctgggccaggatgtccggcaaa
ctgcacgggacgtgccccaggc-cacccgcgcgctggtcgcaggcggtgaggctggggcc
-tgagcaggcacgtgacaaaaacctccccggggtgggcaccggtcgcggta-cgccccgc
a-ggcagcaccg-acggtccgacgacgttgtgctggtgccggctatcaccatttatgctc
gggctggtgcgtgggatgcccgggcggaagttc-ttggtgg-cgccagtcatacgctcg-
ccgctgcttttgcagctcgtttcggaga-gcgaatcggacgaccgcgccccaatgacggt
gcgattaccctg-caaatcccgatcagcgatcgcacc-gagaaacacacccgcgcaatg-
gcactgtcttatgactcgcgtcagcatcgatccggtatcg-ctc-ccacagatctgcgcg
agg-tcgtgccgccatcaagcagaccctcaagaccttgaaggaatcgcccgacgaatcca
aactgctcctgtggct-accgtcgttcgcgccggaacgcaccct-caagcggat-ggtcg
ccaggatgccagcggacccagatcagtcggtgttctctt-cttatataggcgatctgcat
tccatgatcgactggcccgagggaac-ctcgccgccttccagaacg-cacgtgccaccgg
gccgcgcgaacggcggcgg-ctactcgagcggaccggtgtccggcatgttca-tcctctc
cggccgtctcaacggcaagatcttc-atcagcgttcgcgcctaccaacccggcgcgac-c
aacgccataggaagcgctacgcgagctggcta--gctcaccctggcc-gacttcagtctt
gcccggcgagatccattga
>s3
gtg-cctgggca--gatccggcatatgcgtaaatctctcagcag-gcgccgtacgtccaa
aggcactgccgcgatggacaatcgactggcgttggcagatgaagcgctgctcgctgagca
ccacgccgccggtatgaatgttatca-tccaggtcacttggctcgtattcgcacaccatc
gacctcgctg-cctcgaagcgcttccgacacaatctgggcgcggggactattgggccggc
gcatcgaaacaccggcactg-ccgatcgccgggcatcgctggggaatagatcatgggccc
gcggat-atcgatatccaggagcgagcccgtccgctgcgcagaattcagcgaatgggtcg
atgaacgctcacagctgcatatcgaccccgaatctggccctcggcttg-catatcgtgct
ccttccgctccaggagggtacgacagcggtcagcctggtgctgtcgcacaatctaatcga
cggcctcgggctagctctcgtcatcggc-aagcggtcatggggagaacccgt-acctcgg
ttacccatta-ccgttgtctcgcaggcgactacgcgccctgggccaggatgaccggcaaa
ctacacggcacgtgccccaggc-cacccgcgcgctggtcgctg-cgttaaagcgggggcg
-taagcaggcacgtgacaaaaacctccccgggct-ggcaccggtcccggtatcgccccgc
a-ggcagcgccgctccatccggcgaggttgtgctggtgtcggctatcaccatttgtggcg
ggctggatgcgtgggattcccgggcggaagctcattggtgg-cgccagtcatacgctag-
ccgctgctttcgcaggtcgtttcggagatgcgaatctgacgacggcgcgcccatggcggg
gcgattaccctg-taaattccgatcagcgatagcacc-gagaacgacacccgcgcgatgt
gccctgtcttatg-ctcgcgtcagcatcgatccggtatcg-ctcactacagatctgggcg
aggttcgggccgccatcaaccagaccctcaagaccttgtaggaatcccccgacgaatcca
aactgctcctgtggct-accgtcattcgcgccggaccgtacggt-caagcggat-ggtcg
ccaggatgccagcggaccccaatcagtcggtgttctgtt-cttttctaggcgatctgcat
accatgatcggctggcccgcgggaacgctcgccgagttccagaacg-cacgtgccaccgt
gcagcgcgaacggc-gcag-ctgctcgagcggagcggtggccgg-atgttcattcctctc
cggccgtctcaacggcaagatcctc-atcagcgttcgcgcccaccaacccggcgcgacac
aacaccaaggaa-gcgctacgcgagctgggtg-aactcaccctggcc-gacttcaccttg
ccc-agcgaaatccattga
>s4
gtgacgtgggcg-tgatccggcatatgcttaaatgtctcagcagtgcgccgttcgttcaa
aggcgctgccgcgatggacaatcgactggcgtggacagatgaagcgctgctcgctgagga
ccacgccgccggtatgaatgtgatca-tccaggtcacttggct-gtattcgcacgccatc
cacctcgatg-ccttgcagcgcttccgtcacaatctgggc-cggggacttttgggacggc
gcatcgaagcaccggcactt-ccggtcgcccggcatcgctgggtga-agatcatggaccc
gcggat-atcgatatcgaggagcgagcccgtccgc-gtgcagaattcagcgaatgggtcg
-tgaacgctcacagctgcatatcgaccccgaatcgggctc-cggctggccatatcggggt
ctctccgctccaggatggcacgacatcgatcagcctggtgctgtcgcacaatctaatcga
cggcc-tgggctagctctcgtcatcgtcgaagcggtcatggggggaacccgtaacgtctg
ctatccatta-ccgttggctagcaggcgactacgcgcgctgggccaggatgtccggcaaa
ctgcacgggacgtgccccagcc-ca-ccgcgcgctggtcgctg-cggtaaggctgggacg
-taagcaggcacgtgacaaaaacctcaccgggct-ggccccgatcgctgta-cggcccgc
a-ggcagcaccgctccacccgacgaaattctgctggtg-cggctgtgaccatttatgtcg
gcctgggtgcgtgggatgcccgggcggaagctc-ttggtgg-cgccagtcatacgctcg-
ccgctgctttcgcagctcgtttcggaga-gcgaatcggacgacggcgcgcccatgaaggg
gcgattaccctg-caaattccgatcagcgatcgcacc-aagagcgacacccgcgcaatg-
gtcctgtcttatg-cgcgcgtcagcatcgatccggtatcg-ctcaccacagaactgcgcg
aggttcgggacgccatcaaggagacccgcaagacgttgaaggaattgcccgacgaatcca
aactgctcctgtggctaaccgtcattcgtgccggaacgtaccct-cgagcggat-ggtcg
ccag-atgcaagcggaccccgatcagtcagtgttctgtt-ctaatctaggcgatctg-at
accatgatcggctggcccgcgggaacactcgccgacttccagaacg-cacgtgccagcgg
gcagcgcgaacggcggcag-ctactcgagcggaccggtggccgg-atgttca-tcctttc
cggccgtctcaccggcaagatcttc-atcagcgttggcgcctacaaacccggcgcgac-c
aagaccaaggaa-gcgctacgcgagctgcctg-aactcaccctggcc-gacttcagcttg
ccc-ggcgagatccagtga
>s5
gtg-cctgggca--gatccggcatatgcgtaaatctctcagcag-gcgccgtac-tccaa
aggcg-tgacgcgatggtcaatcgactggcgttggcagatggagcgctgctcgctgtgca
ccaccccgccggtatgaatgtgatcattccaggtcacttggct-ggattcgcacgccacc
gacctcgatg-ccttgcagcgcttccgtcacaatttgggc-cggggactattgggacggc
gcatcgaagcaccggccctgccgagtcgccgggcatcgctgggtgatagatcatgggccc
-cggat-atcgatatcgaggagcgagcccgtccgc-gtgcagaattcagcgaatgcatcg
atgaacgctcacagctgcatatcgaccccgaatcgggcct-ccgctgg-catatcggtgt
cgttccgctccaggatggcaccacagcgatcagcctggtgctgtcgcaccatctaatcga
cagcctcggcctagctctcgtaatcgtcgaagcggtcatggggagaacccgtgacctcgg
ctacccttta-ccgttgtctcgcagacgactacgcgcgctgggccaggatgtccggcaaa
ctgcacgggacg-gccccacgc-cacccgctcactggtcgctg-cggtaaggctggggcg
-taagcaggcacgtgacaaaaacctccccgggtt-ggcaccggtcgtggta-cgccccgc
a-ggcagcacctctccatccgacgaagttgtgctggtgccggctaacaccatttatgtcg
gcttggatgcgtgggatgcccggggggaagctc-ttggtgg-cgccagtcatacgctcg-
ccgctgctttc-cagctggtttcggaga-gcgactcggacgacggcgcgcccatgacggg
gcgattaccctg-caaattccgatcagcgatcgcacc-gagaacgacacccgcgcaatg-
accctgtcttatg-ctcgcgtaagcatcgaccaggtatcg-ctcaccacagatctgcgcg
aggttggggccgccatcaagcagaccctcaagaccttgaaggaatcgcccgacgaatcca
aactgctcctgtggct-accgtcattcgcgccggaaggcaccct-caagccgat-ggtcg
cctggatgccagcggaccccgatcagtcggtgttctggt-cttaactaggctatctgcat
tccatgatcggctggcccgcgggaacgctcgccgacttccagaacg-cacgtgccaccgg
gcagctcgaacggcggcagtctactcgagagtaccggtgggcgg-aggttca-tcctctc
cacctgtctcaacggctagatcttc-atcagcgttggcgcctacgaacccggcgcgac-c
aacacgaaggaa-gcgctacgcgagctggctg-aactcacc-tgacc-gacttcagattg
ccc-ggcgagatccattga
>s6
gtg--ccggcca--gatccggcctatgcgttaatctctcagcag-gca-cgtacgtccaa
aggcgctgccgcgatggacaatcgactggcgttggcagatgaagcgctgctcgctgagca
ccacgccgccggtatgcatgtgatca-tccagctcccttggct-gtattcgcacgccatc
gacctcgatg-ccatgcagcgcttacgtcacaatctgggc-cggggactatggggacggc
gcatcgaagcaccggcactg-ccgatcgcccggcatcgatgcgtgatagatcatgggccg
gcgcatactcgatatcgaagagcgagcccgtccgc-gtccagaattcagcgaatgggtcg
atgaacgctcacagatgcatatcgaccccgaatcgggccc-cggctgg-catatcggtgt
ccttccgctccaggatggcacgacagcgatcaacctggtgctggcgcgcaatctaatcga
gggcctcgggctaactcacgtcatcgtcgaagcggtcatggggagaacccgggacctcgg
ctacccatta-ccgttgtctcgcaggcgattacgcgtgctggcccaggatgtccgggaaa
ctacacgggacgtgccccaggg-cacccgcgcgctggtcgctgtcggtaacgctggggcg
-taagcaggcacgtgacataaacctccccgggct-ggcaccg-tcgcggta-tgccccgc
a-ggcagcaccgctccatccgacgaagttgtgctggtgccggctatcaacatttatggcg
gcctggatgcgtgggatgcccgggcggaagctc-ttggtgg-cgccagtcatacgctcgt
ccgctgctttcg-agctcttgtcggaga-gcgaatcggacgacggcgcgcccatgacggg
gcgattaccctg-gaaattccgatcagcgatcggaccagagaacgacacgcgcgcaatg-
gccctgtcttatg-ctcgcgtcagcattgatccggtaccg-ctcaccacagatctgcgcg
aggttcgggtcgccatcaagcagaccctctagaccttgaaggaatcgcccgacgaatcca
aactgctcatgtggctaaccgtcattcgcgccggaacgcaccct-caagcggat-ggtcg
ccaggatgccagcggaccccgatcagtccgtgttctgttccttatctaggcgatctgcat
tccatgatcggctggcccgcgtgaactctcgccgacttcaagaacgtcacgtgccaccgg
gtagcgcgaacggcggcag-ctactcaagcggaccggtggccgg-attttca-tcctctc
cggccgtctcaacggcaagatcttcaatcagcgttggcgcataccaacccggcgcgac-c
aacactaaggaatgcgctacgcgagctggccg--actcaccctggcc-gacttcagcttg
cccggccgagatccattgc
>s7
gtg--ctgggca--gatccggcaattgcgtaaatctctccgcag-gcgccgtacgtccaa
aggcgctgccgcgatggacaatccactggggttggcagatggagcgctgctcgctgagga
ccacgccgccggtatgaat-tgatca--tccggtcacttggct-gtattcgcacgccatc
gacctcgatg-ccttgcaccgcttccgtcacaatctgggc-cggggactattgggacggc
gcatcgaagcaccggcactg-ccgatcgcactgcatcggtgggtgatagatgatgggccc
gcggat-atcgatatcgaggagcgagcccggccgc-g-gcagaattcagcgaatgggtcg
-tgaacgctcacaactgcatatcgaccccgaatcgggccc-cggctgg-catatcggtgt
ccttccgctccaggatggcacgacagcgatcagcctggtgctgtcgcacaatctaatcga
cggcctcgggctagctctcgtcatcgtcgaa-cggtcatgggatgaacccgtgacctcgg
ctacccatta-ctgttgtctcgcaggcgactacgcgcgctgggccaggatgtccggcaaa
ctgcacgagacgtgccccaggc-cacccgcgcgctggtcgctt-cggtaaggctggggcg
-taagcagggatgtgacgaaaacctccccgggct-ggcaccggtcgcgcta-cgccccgc
a-ggcagcaccgctccatccgacgaagttgtgctggtgccggctatcaccatttatgtcg
gcctggatgcgtggga-gcccggacgtaagctc-tt-gtgg-cgccagtcatacggtcg-
ccgctgcttgcgcagctcgttccggaga-gcgaatcggacgacggcgcgcgcatgacggg
gcgatttccctgacaaattccgatcagcgctcgcacc-gagaacgacacccgcgcaatg-
gccctgtcttatg-cgcgcgtcagcattgatccggtatcg-ctcaccacagatctgcgcg
gggttcgggccgccatcaagcagaccctcaagaccttgaaggaatcgcccgaagaatcca
aactgctcctgtggct-accgtcattcg-gccggaacgcaccctccaagcggatcggtcg
ccaggatgccagcggaccccgatcagtgggtgttctgtt-cttatctaggcgaactgcat
tcaatgatcggctggcccgcgggaacgatcgccgccttccagaacg-cacgtgccaccgg
gcagcgcg-acggcgggag-ctagtcgagcggtcgggtggccgg-atgtcca-tcctctc
cggctggctcaacggcaagaactag-atcagcgttggcgcctaccaactgggtgagac-c
aacaccaaggaa-gcgctacgcgagctggctgcaattcaccctggcc-gacttgagcttg
ccc-ggcgagatccattga
